// Jest Snapshot v1, https://goo.gl/fbAQLP

exports[`should handle default exported es module functions 1`] = `
"declare export default function routerReducer(
  state?: RouterState,
  action?: Action
): RouterState;
"
`;

exports[`should handle exported es module functions 1`] = `
"declare export function routerReducer(
  state?: RouterState,
  action?: Action
): RouterState;
declare export function syncHistoryWithStore(
  history: History,
  store: Store<any>,
  options?: SyncHistoryWithStoreOptions
): History & HistoryUnsubscribe;
"
`;

exports[`should remove this annotation from functions 1`] = `
"declare function addClickListener(onclick: (e: Event) => void): void;
"
`;
